00:17:29 **** Build of configuration Debug for project stm32f446_drivers ****
make -j20 all 
arm-none-eabi-gcc -mcpu=cortex-m4 -g3 -DDEBUG -c -x assembler-with-cpp -MMD -MP -MF"Startup/startup_stm32f446zetx.d" -MT"Startup/startup_stm32f446zetx.o" --specs=nano.specs -mfpu=fpv4-sp-d16 -mfloat-abi=hard -mthumb -o "Startup/startup_stm32f446zetx.o" "../Startup/startup_stm32f446zetx.s"
arm-none-eabi-gcc "../Src/main.c" -mcpu=cortex-m4 -std=gnu11 -g3 -DDEBUG -DSTM32 -DSTM32F4 -DSTM32F446ZETx -c -I../Inc -I"C:/jun/Learn/Stm32F446Leaning/project/stm32f446_drivers/drivers/Inc" -O0 -ffunction-sections -fdata-sections -Wall -fstack-usage -fcyclomatic-complexity -MMD -MP -MF"Src/main.d" -MT"Src/main.o" --specs=nano.specs -mfpu=fpv4-sp-d16 -mfloat-abi=hard -mthumb -o "Src/main.o"
arm-none-eabi-gcc "../Src/syscalls.c" -mcpu=cortex-m4 -std=gnu11 -g3 -DDEBUG -DSTM32 -DSTM32F4 -DSTM32F446ZETx -c -I../Inc -I"C:/jun/Learn/Stm32F446Leaning/project/stm32f446_drivers/drivers/Inc" -O0 -ffunction-sections -fdata-sections -Wall -fstack-usage -fcyclomatic-complexity -MMD -MP -MF"Src/syscalls.d" -MT"Src/syscalls.o" --specs=nano.specs -mfpu=fpv4-sp-d16 -mfloat-abi=hard -mthumb -o "Src/syscalls.o"
arm-none-eabi-gcc "../Src/sysmem.c" -mcpu=cortex-m4 -std=gnu11 -g3 -DDEBUG -DSTM32 -DSTM32F4 -DSTM32F446ZETx -c -I../Inc -I"C:/jun/Learn/Stm32F446Leaning/project/stm32f446_drivers/drivers/Inc" -O0 -ffunction-sections -fdata-sections -Wall -fstack-usage -fcyclomatic-complexity -MMD -MP -MF"Src/sysmem.d" -MT"Src/sysmem.o" --specs=nano.specs -mfpu=fpv4-sp-d16 -mfloat-abi=hard -mthumb -o "Src/sysmem.o"
arm-none-eabi-gcc -o "stm32f446_drivers.elf" @"objects.list"   -mcpu=cortex-m4 -T"C:\jun\Learn\Stm32F446Leaning\project\stm32f446_drivers\STM32F446ZETX_FLASH.ld" --specs=nosys.specs -Wl,-Map="stm32f446_drivers.map" -Wl,--gc-sections -static --specs=nano.specs -mfpu=fpv4-sp-d16 -mfloat-abi=hard -mthumb -Wl,--start-group -lc -lm -Wl,--end-group
Finished building target: stm32f446_drivers.elf
 
arm-none-eabi-size  stm32f446_drivers.elf 
arm-none-eabi-objdump -h -S stm32f446_drivers.elf  > "stm32f446_drivers.list"
   text	   data	    bss	    dec	    hex	filename
    712	      0	   1568	   2280	    8e8	stm32f446_drivers.elf
Finished building: default.size.stdout
 
Finished building: stm32f446_drivers.list
 

00:17:30 Build Finished. 0 errors, 0 warnings. (took 1s.594ms)

